// Vitest Snapshot v1, https://vitest.dev/guide/snapshot.html

exports[`the key table, disarmed and armed > disarmed, every key does exactly what it does without the chord 1`] = `
"editor_heading · Up → {"commands":"-","focusIndex":0,"helpExpanded":false,"bodyText":"My original request (verbatim):\\nAdd a retry to the client.\\n\\nContext and constraints:\\n- Keep the timeout unchanged.\\n\\nBest practices and standards:\\n- Cover it with a test.","bodyCursor":169,"bodyDirty":false,"focusedField":"enhanced_body","detailsText":"","detailsCursor":0}
editor_heading · Down → {"commands":"-","focusIndex":1,"helpExpanded":false,"bodyText":"My original request (verbatim):\\nAdd a retry to the client.\\n\\nContext and constraints:\\n- Keep the timeout unchanged.\\n\\nBest practices and standards:\\n- Cover it with a test.","bodyCursor":169,"bodyDirty":false,"focusedField":"additional_details","detailsText":"","detailsCursor":0}
editor_heading · Enter → {"commands":"use_current","focusIndex":0,"helpExpanded":false,"bodyText":"My original request (verbatim):\\nAdd a retry to the client.\\n\\nContext and constraints:\\n- Keep the timeout unchanged.\\n\\nBest practices and standards:\\n- Cover it with a test.","bodyCursor":169,"bodyDirty":false,"focusedField":"enhanced_body","detailsText":"","detailsCursor":0}
editor_heading · Escape → {"commands":"close","focusIndex":0,"helpExpanded":false,"bodyText":"My original request (verbatim):\\nAdd a retry to the client.\\n\\nContext and constraints:\\n- Keep the timeout unchanged.\\n\\nBest practices and standards:\\n- Cover it with a test.","bodyCursor":169,"bodyDirty":false,"focusedField":"enhanced_body","detailsText":"","detailsCursor":0}
editor_heading · Space → {"commands":"-","focusIndex":0,"helpExpanded":false,"bodyText":"My original request (verbatim):\\nAdd a retry to the client.\\n\\nContext and constraints:\\n- Keep the timeout unchanged.\\n\\nBest practices and standards:\\n- Cover it with a test. ","bodyCursor":170,"bodyDirty":true,"focusedField":"enhanced_body","detailsText":"","detailsCursor":0}
editor_heading · Ctrl+J → {"commands":"-","focusIndex":0,"helpExpanded":false,"bodyText":"My original request (verbatim):\\nAdd a retry to the client.\\n\\nContext and constraints:\\n- Keep the timeout unchanged.\\n\\nBest practices and standards:\\n- Cover it with a test.\\n","bodyCursor":170,"bodyDirty":true,"focusedField":"enhanced_body","detailsText":"","detailsCursor":0}
editor_heading · Ctrl+Up → {"commands":"-","focusIndex":0,"helpExpanded":false,"bodyText":"My original request (verbatim):\\nAdd a retry to the client.\\n\\nContext and constraints:\\n- Keep the timeout unchanged.\\n\\nBest practices and standards:\\n- Cover it with a test.","bodyCursor":139,"bodyDirty":false,"focusedField":"enhanced_body","detailsText":"","detailsCursor":0}
editor_heading · Ctrl+Down → {"commands":"-","focusIndex":0,"helpExpanded":false,"bodyText":"My original request (verbatim):\\nAdd a retry to the client.\\n\\nContext and constraints:\\n- Keep the timeout unchanged.\\n\\nBest practices and standards:\\n- Cover it with a test.","bodyCursor":169,"bodyDirty":false,"focusedField":"enhanced_body","detailsText":"","detailsCursor":0}
editor_heading · Cmd+Up → {"commands":"-","focusIndex":0,"helpExpanded":false,"bodyText":"My original request (verbatim):\\nAdd a retry to the client.\\n\\nContext and constraints:\\n- Keep the timeout unchanged.\\n\\nBest practices and standards:\\n- Cover it with a test.","bodyCursor":139,"bodyDirty":false,"focusedField":"enhanced_body","detailsText":"","detailsCursor":0}
editor_heading · Cmd+Down → {"commands":"-","focusIndex":0,"helpExpanded":false,"bodyText":"My original request (verbatim):\\nAdd a retry to the client.\\n\\nContext and constraints:\\n- Keep the timeout unchanged.\\n\\nBest practices and standards:\\n- Cover it with a test.","bodyCursor":169,"bodyDirty":false,"focusedField":"enhanced_body","detailsText":"","detailsCursor":0}
editor_heading · Left → {"commands":"-","focusIndex":0,"helpExpanded":false,"bodyText":"My original request (verbatim):\\nAdd a retry to the client.\\n\\nContext and constraints:\\n- Keep the timeout unchanged.\\n\\nBest practices and standards:\\n- Cover it with a test.","bodyCursor":168,"bodyDirty":false,"focusedField":"enhanced_body","detailsText":"","detailsCursor":0}
editor_heading · Right → {"commands":"-","focusIndex":0,"helpExpanded":false,"bodyText":"My original request (verbatim):\\nAdd a retry to the client.\\n\\nContext and constraints:\\n- Keep the timeout unchanged.\\n\\nBest practices and standards:\\n- Cover it with a test.","bodyCursor":169,"bodyDirty":false,"focusedField":"enhanced_body","detailsText":"","detailsCursor":0}
editor_heading · Backspace → {"commands":"-","focusIndex":0,"helpExpanded":false,"bodyText":"My original request (verbatim):\\nAdd a retry to the client.\\n\\nContext and constraints:\\n- Keep the timeout unchanged.\\n\\nBest practices and standards:\\n- Cover it with a test","bodyCursor":168,"bodyDirty":true,"focusedField":"enhanced_body","detailsText":"","detailsCursor":0}
editor_heading · Delete → {"commands":"-","focusIndex":0,"helpExpanded":false,"bodyText":"My original request (verbatim):\\nAdd a retry to the client.\\n\\nContext and constraints:\\n- Keep the timeout unchanged.\\n\\nBest practices and standards:\\n- Cover it with a test.","bodyCursor":169,"bodyDirty":false,"focusedField":"enhanced_body","detailsText":"","detailsCursor":0}
editor_heading · Letter a → {"commands":"-","focusIndex":0,"helpExpanded":false,"bodyText":"My original request (verbatim):\\nAdd a retry to the client.\\n\\nContext and constraints:\\n- Keep the timeout unchanged.\\n\\nBest practices and standards:\\n- Cover it with a test.a","bodyCursor":170,"bodyDirty":true,"focusedField":"enhanced_body","detailsText":"","detailsCursor":0}
editor_heading · Digit 0 → {"commands":"-","focusIndex":0,"helpExpanded":false,"bodyText":"My original request (verbatim):\\nAdd a retry to the client.\\n\\nContext and constraints:\\n- Keep the timeout unchanged.\\n\\nBest practices and standards:\\n- Cover it with a test.0","bodyCursor":170,"bodyDirty":true,"focusedField":"enhanced_body","detailsText":"","detailsCursor":0}
editor_heading · Digit 1 → {"commands":"-","focusIndex":0,"helpExpanded":false,"bodyText":"My original request (verbatim):\\nAdd a retry to the client.\\n\\nContext and constraints:\\n- Keep the timeout unchanged.\\n\\nBest practices and standards:\\n- Cover it with a test.1","bodyCursor":170,"bodyDirty":true,"focusedField":"enhanced_body","detailsText":"","detailsCursor":0}
editor_heading · Digit 2 → {"commands":"-","focusIndex":0,"helpExpanded":false,"bodyText":"My original request (verbatim):\\nAdd a retry to the client.\\n\\nContext and constraints:\\n- Keep the timeout unchanged.\\n\\nBest practices and standards:\\n- Cover it with a test.2","bodyCursor":170,"bodyDirty":true,"focusedField":"enhanced_body","detailsText":"","detailsCursor":0}
editor_heading · Digit 9 → {"commands":"-","focusIndex":0,"helpExpanded":false,"bodyText":"My original request (verbatim):\\nAdd a retry to the client.\\n\\nContext and constraints:\\n- Keep the timeout unchanged.\\n\\nBest practices and standards:\\n- Cover it with a test.9","bodyCursor":170,"bodyDirty":true,"focusedField":"enhanced_body","detailsText":"","detailsCursor":0}
editor_heading · the prefix key → {"commands":"-","focusIndex":0,"helpExpanded":false,"bodyText":"My original request (verbatim):\\nAdd a retry to the client.\\n\\nContext and constraints:\\n- Keep the timeout unchanged.\\n\\nBest practices and standards:\\n- Cover it with a test.","bodyCursor":169,"bodyDirty":false,"focusedField":"enhanced_body","detailsText":"","detailsCursor":0}
additional_details · Up → {"commands":"-","focusIndex":0,"helpExpanded":false,"bodyText":"My original request (verbatim):\\nAdd a retry to the client.\\n\\nContext and constraints:\\n- Keep the timeout unchanged.\\n\\nBest practices and standards:\\n- Cover it with a test.","bodyCursor":169,"bodyDirty":false,"focusedField":"enhanced_body","detailsText":"","detailsCursor":0}
additional_details · Down → {"commands":"-","focusIndex":2,"helpExpanded":false,"bodyText":"My original request (verbatim):\\nAdd a retry to the client.\\n\\nContext and constraints:\\n- Keep the timeout unchanged.\\n\\nBest practices and standards:\\n- Cover it with a test.","bodyCursor":169,"bodyDirty":false,"focusedField":null,"detailsText":"","detailsCursor":0}
additional_details · Enter → {"commands":"-","focusIndex":1,"helpExpanded":false,"bodyText":"My original request (verbatim):\\nAdd a retry to the client.\\n\\nContext and constraints:\\n- Keep the timeout unchanged.\\n\\nBest practices and standards:\\n- Cover it with a test.","bodyCursor":169,"bodyDirty":false,"focusedField":"additional_details","detailsText":"","detailsCursor":0}
additional_details · Escape → {"commands":"close","focusIndex":1,"helpExpanded":false,"bodyText":"My original request (verbatim):\\nAdd a retry to the client.\\n\\nContext and constraints:\\n- Keep the timeout unchanged.\\n\\nBest practices and standards:\\n- Cover it with a test.","bodyCursor":169,"bodyDirty":false,"focusedField":"additional_details","detailsText":"","detailsCursor":0}
additional_details · Space → {"commands":"-","focusIndex":1,"helpExpanded":false,"bodyText":"My original request (verbatim):\\nAdd a retry to the client.\\n\\nContext and constraints:\\n- Keep the timeout unchanged.\\n\\nBest practices and standards:\\n- Cover it with a test.","bodyCursor":169,"bodyDirty":false,"focusedField":"additional_details","detailsText":" ","detailsCursor":1}
additional_details · Ctrl+J → {"commands":"-","focusIndex":1,"helpExpanded":false,"bodyText":"My original request (verbatim):\\nAdd a retry to the client.\\n\\nContext and constraints:\\n- Keep the timeout unchanged.\\n\\nBest practices and standards:\\n- Cover it with a test.","bodyCursor":169,"bodyDirty":false,"focusedField":"additional_details","detailsText":"\\n","detailsCursor":1}
additional_details · Ctrl+Up → {"commands":"-","focusIndex":1,"helpExpanded":false,"bodyText":"My original request (verbatim):\\nAdd a retry to the client.\\n\\nContext and constraints:\\n- Keep the timeout unchanged.\\n\\nBest practices and standards:\\n- Cover it with a test.","bodyCursor":169,"bodyDirty":false,"focusedField":"additional_details","detailsText":"","detailsCursor":0}
additional_details · Ctrl+Down → {"commands":"-","focusIndex":1,"helpExpanded":false,"bodyText":"My original request (verbatim):\\nAdd a retry to the client.\\n\\nContext and constraints:\\n- Keep the timeout unchanged.\\n\\nBest practices and standards:\\n- Cover it with a test.","bodyCursor":169,"bodyDirty":false,"focusedField":"additional_details","detailsText":"","detailsCursor":0}
additional_details · Cmd+Up → {"commands":"-","focusIndex":1,"helpExpanded":false,"bodyText":"My original request (verbatim):\\nAdd a retry to the client.\\n\\nContext and constraints:\\n- Keep the timeout unchanged.\\n\\nBest practices and standards:\\n- Cover it with a test.","bodyCursor":169,"bodyDirty":false,"focusedField":"additional_details","detailsText":"","detailsCursor":0}
additional_details · Cmd+Down → {"commands":"-","focusIndex":1,"helpExpanded":false,"bodyText":"My original request (verbatim):\\nAdd a retry to the client.\\n\\nContext and constraints:\\n- Keep the timeout unchanged.\\n\\nBest practices and standards:\\n- Cover it with a test.","bodyCursor":169,"bodyDirty":false,"focusedField":"additional_details","detailsText":"","detailsCursor":0}
additional_details · Left → {"commands":"-","focusIndex":1,"helpExpanded":false,"bodyText":"My original request (verbatim):\\nAdd a retry to the client.\\n\\nContext and constraints:\\n- Keep the timeout unchanged.\\n\\nBest practices and standards:\\n- Cover it with a test.","bodyCursor":169,"bodyDirty":false,"focusedField":"additional_details","detailsText":"","detailsCursor":0}
additional_details · Right → {"commands":"-","focusIndex":1,"helpExpanded":false,"bodyText":"My original request (verbatim):\\nAdd a retry to the client.\\n\\nContext and constraints:\\n- Keep the timeout unchanged.\\n\\nBest practices and standards:\\n- Cover it with a test.","bodyCursor":169,"bodyDirty":false,"focusedField":"additional_details","detailsText":"","detailsCursor":0}
additional_details · Backspace → {"commands":"-","focusIndex":1,"helpExpanded":false,"bodyText":"My original request (verbatim):\\nAdd a retry to the client.\\n\\nContext and constraints:\\n- Keep the timeout unchanged.\\n\\nBest practices and standards:\\n- Cover it with a test.","bodyCursor":169,"bodyDirty":false,"focusedField":"additional_details","detailsText":"","detailsCursor":0}
additional_details · Delete → {"commands":"-","focusIndex":1,"helpExpanded":false,"bodyText":"My original request (verbatim):\\nAdd a retry to the client.\\n\\nContext and constraints:\\n- Keep the timeout unchanged.\\n\\nBest practices and standards:\\n- Cover it with a test.","bodyCursor":169,"bodyDirty":false,"focusedField":"additional_details","detailsText":"","detailsCursor":0}
additional_details · Letter a → {"commands":"-","focusIndex":1,"helpExpanded":false,"bodyText":"My original request (verbatim):\\nAdd a retry to the client.\\n\\nContext and constraints:\\n- Keep the timeout unchanged.\\n\\nBest practices and standards:\\n- Cover it with a test.","bodyCursor":169,"bodyDirty":false,"focusedField":"additional_details","detailsText":"a","detailsCursor":1}
additional_details · Digit 0 → {"commands":"-","focusIndex":1,"helpExpanded":false,"bodyText":"My original request (verbatim):\\nAdd a retry to the client.\\n\\nContext and constraints:\\n- Keep the timeout unchanged.\\n\\nBest practices and standards:\\n- Cover it with a test.","bodyCursor":169,"bodyDirty":false,"focusedField":"additional_details","detailsText":"0","detailsCursor":1}
additional_details · Digit 1 → {"commands":"-","focusIndex":1,"helpExpanded":false,"bodyText":"My original request (verbatim):\\nAdd a retry to the client.\\n\\nContext and constraints:\\n- Keep the timeout unchanged.\\n\\nBest practices and standards:\\n- Cover it with a test.","bodyCursor":169,"bodyDirty":false,"focusedField":"additional_details","detailsText":"1","detailsCursor":1}
additional_details · Digit 2 → {"commands":"-","focusIndex":1,"helpExpanded":false,"bodyText":"My original request (verbatim):\\nAdd a retry to the client.\\n\\nContext and constraints:\\n- Keep the timeout unchanged.\\n\\nBest practices and standards:\\n- Cover it with a test.","bodyCursor":169,"bodyDirty":false,"focusedField":"additional_details","detailsText":"2","detailsCursor":1}
additional_details · Digit 9 → {"commands":"-","focusIndex":1,"helpExpanded":false,"bodyText":"My original request (verbatim):\\nAdd a retry to the client.\\n\\nContext and constraints:\\n- Keep the timeout unchanged.\\n\\nBest practices and standards:\\n- Cover it with a test.","bodyCursor":169,"bodyDirty":false,"focusedField":"additional_details","detailsText":"9","detailsCursor":1}
additional_details · the prefix key → {"commands":"-","focusIndex":1,"helpExpanded":false,"bodyText":"My original request (verbatim):\\nAdd a retry to the client.\\n\\nContext and constraints:\\n- Keep the timeout unchanged.\\n\\nBest practices and standards:\\n- Cover it with a test.","bodyCursor":169,"bodyDirty":false,"focusedField":"additional_details","detailsText":"","detailsCursor":0}
use_original · Up → {"commands":"-","focusIndex":1,"helpExpanded":false,"bodyText":"My original request (verbatim):\\nAdd a retry to the client.\\n\\nContext and constraints:\\n- Keep the timeout unchanged.\\n\\nBest practices and standards:\\n- Cover it with a test.","bodyCursor":169,"bodyDirty":false,"focusedField":"additional_details","detailsText":"","detailsCursor":0}
use_original · Down → {"commands":"-","focusIndex":2,"helpExpanded":false,"bodyText":"My original request (verbatim):\\nAdd a retry to the client.\\n\\nContext and constraints:\\n- Keep the timeout unchanged.\\n\\nBest practices and standards:\\n- Cover it with a test.","bodyCursor":169,"bodyDirty":false,"focusedField":null,"detailsText":"","detailsCursor":0}
use_original · Enter → {"commands":"use_original","focusIndex":2,"helpExpanded":false,"bodyText":"My original request (verbatim):\\nAdd a retry to the client.\\n\\nContext and constraints:\\n- Keep the timeout unchanged.\\n\\nBest practices and standards:\\n- Cover it with a test.","bodyCursor":169,"bodyDirty":false,"focusedField":null,"detailsText":"","detailsCursor":0}
use_original · Escape → {"commands":"close","focusIndex":2,"helpExpanded":false,"bodyText":"My original request (verbatim):\\nAdd a retry to the client.\\n\\nContext and constraints:\\n- Keep the timeout unchanged.\\n\\nBest practices and standards:\\n- Cover it with a test.","bodyCursor":169,"bodyDirty":false,"focusedField":null,"detailsText":"","detailsCursor":0}
use_original · Space → {"commands":"-","focusIndex":2,"helpExpanded":true,"bodyText":"My original request (verbatim):\\nAdd a retry to the client.\\n\\nContext and constraints:\\n- Keep the timeout unchanged.\\n\\nBest practices and standards:\\n- Cover it with a test.","bodyCursor":169,"bodyDirty":false,"focusedField":null,"detailsText":"","detailsCursor":0}
use_original · Ctrl+J → {"commands":"-","focusIndex":2,"helpExpanded":false,"bodyText":"My original request (verbatim):\\nAdd a retry to the client.\\n\\nContext and constraints:\\n- Keep the timeout unchanged.\\n\\nBest practices and standards:\\n- Cover it with a test.","bodyCursor":169,"bodyDirty":false,"focusedField":null,"detailsText":"","detailsCursor":0}
use_original · Ctrl+Up → {"commands":"-","focusIndex":2,"helpExpanded":false,"bodyText":"My original request (verbatim):\\nAdd a retry to the client.\\n\\nContext and constraints:\\n- Keep the timeout unchanged.\\n\\nBest practices and standards:\\n- Cover it with a test.","bodyCursor":169,"bodyDirty":false,"focusedField":null,"detailsText":"","detailsCursor":0}
use_original · Ctrl+Down → {"commands":"-","focusIndex":2,"helpExpanded":false,"bodyText":"My original request (verbatim):\\nAdd a retry to the client.\\n\\nContext and constraints:\\n- Keep the timeout unchanged.\\n\\nBest practices and standards:\\n- Cover it with a test.","bodyCursor":169,"bodyDirty":false,"focusedField":null,"detailsText":"","detailsCursor":0}
use_original · Cmd+Up → {"commands":"-","focusIndex":2,"helpExpanded":false,"bodyText":"My original request (verbatim):\\nAdd a retry to the client.\\n\\nContext and constraints:\\n- Keep the timeout unchanged.\\n\\nBest practices and standards:\\n- Cover it with a test.","bodyCursor":169,"bodyDirty":false,"focusedField":null,"detailsText":"","detailsCursor":0}
use_original · Cmd+Down → {"commands":"-","focusIndex":2,"helpExpanded":false,"bodyText":"My original request (verbatim):\\nAdd a retry to the client.\\n\\nContext and constraints:\\n- Keep the timeout unchanged.\\n\\nBest practices and standards:\\n- Cover it with a test.","bodyCursor":169,"bodyDirty":false,"focusedField":null,"detailsText":"","detailsCursor":0}
use_original · Left → {"commands":"-","focusIndex":2,"helpExpanded":false,"bodyText":"My original request (verbatim):\\nAdd a retry to the client.\\n\\nContext and constraints:\\n- Keep the timeout unchanged.\\n\\nBest practices and standards:\\n- Cover it with a test.","bodyCursor":169,"bodyDirty":false,"focusedField":null,"detailsText":"","detailsCursor":0}
use_original · Right → {"commands":"-","focusIndex":2,"helpExpanded":false,"bodyText":"My original request (verbatim):\\nAdd a retry to the client.\\n\\nContext and constraints:\\n- Keep the timeout unchanged.\\n\\nBest practices and standards:\\n- Cover it with a test.","bodyCursor":169,"bodyDirty":false,"focusedField":null,"detailsText":"","detailsCursor":0}
use_original · Backspace → {"commands":"-","focusIndex":2,"helpExpanded":false,"bodyText":"My original request (verbatim):\\nAdd a retry to the client.\\n\\nContext and constraints:\\n- Keep the timeout unchanged.\\n\\nBest practices and standards:\\n- Cover it with a test.","bodyCursor":169,"bodyDirty":false,"focusedField":null,"detailsText":"","detailsCursor":0}
use_original · Delete → {"commands":"-","focusIndex":2,"helpExpanded":false,"bodyText":"My original request (verbatim):\\nAdd a retry to the client.\\n\\nContext and constraints:\\n- Keep the timeout unchanged.\\n\\nBest practices and standards:\\n- Cover it with a test.","bodyCursor":169,"bodyDirty":false,"focusedField":null,"detailsText":"","detailsCursor":0}
use_original · Letter a → {"commands":"-","focusIndex":2,"helpExpanded":false,"bodyText":"My original request (verbatim):\\nAdd a retry to the client.\\n\\nContext and constraints:\\n- Keep the timeout unchanged.\\n\\nBest practices and standards:\\n- Cover it with a test.","bodyCursor":169,"bodyDirty":false,"focusedField":null,"detailsText":"","detailsCursor":0}
use_original · Digit 0 → {"commands":"-","focusIndex":2,"helpExpanded":false,"bodyText":"My original request (verbatim):\\nAdd a retry to the client.\\n\\nContext and constraints:\\n- Keep the timeout unchanged.\\n\\nBest practices and standards:\\n- Cover it with a test.","bodyCursor":169,"bodyDirty":false,"focusedField":null,"detailsText":"","detailsCursor":0}
use_original · Digit 1 → {"commands":"-","focusIndex":2,"helpExpanded":false,"bodyText":"My original request (verbatim):\\nAdd a retry to the client.\\n\\nContext and constraints:\\n- Keep the timeout unchanged.\\n\\nBest practices and standards:\\n- Cover it with a test.","bodyCursor":169,"bodyDirty":false,"focusedField":null,"detailsText":"","detailsCursor":0}
use_original · Digit 2 → {"commands":"-","focusIndex":2,"helpExpanded":false,"bodyText":"My original request (verbatim):\\nAdd a retry to the client.\\n\\nContext and constraints:\\n- Keep the timeout unchanged.\\n\\nBest practices and standards:\\n- Cover it with a test.","bodyCursor":169,"bodyDirty":false,"focusedField":null,"detailsText":"","detailsCursor":0}
use_original · Digit 9 → {"commands":"-","focusIndex":2,"helpExpanded":false,"bodyText":"My original request (verbatim):\\nAdd a retry to the client.\\n\\nContext and constraints:\\n- Keep the timeout unchanged.\\n\\nBest practices and standards:\\n- Cover it with a test.","bodyCursor":169,"bodyDirty":false,"focusedField":null,"detailsText":"","detailsCursor":0}
use_original · the prefix key → {"commands":"-","focusIndex":2,"helpExpanded":false,"bodyText":"My original request (verbatim):\\nAdd a retry to the client.\\n\\nContext and constraints:\\n- Keep the timeout unchanged.\\n\\nBest practices and standards:\\n- Cover it with a test.","bodyCursor":169,"bodyDirty":false,"focusedField":null,"detailsText":"","detailsCursor":0}"
`;
